Hit:1 http://us-east-2.ec2.archive.ubuntu.com/ubuntu noble InRelease
Hit:2 http://us-east-2.ec2.archive.ubuntu.com/ubuntu noble-updates InRelease
Hit:3 http://us-east-2.ec2.archive.ubuntu.com/ubuntu noble-backports InRelease
Hit:4 http://security.ubuntu.com/ubuntu noble-security InRelease
Reading package lists...
Reading package lists...
Building dependency tree...
Reading state information...
build-essential is already the newest version (12.10ubuntu1).
python3-dev is already the newest version (3.12.3-0ubuntu2.1).
git is already the newest version (1:2.43.0-1ubuntu7.3).
curl is already the newest version (8.5.0-2ubuntu10.15).
rsync is already the newest version (3.2.7-1ubuntu1.5).
tmux is already the newest version (3.4-1ubuntu0.1).
0 upgraded, 0 newly installed, 0 to remove and 17 not upgraded.
[03:21:58] repo at f5e8cc5efba6aa7a2606ffc858ec6ceeab36c733
faiss 1.15.1 OPTIMIZE DD AVX2 AVX512 AVX512_SPR AVX512_VPOPCNT 
hnswlib ?
sift1m: already present in /home/ubuntu/strata/data/sift1m (use --force to rebuild)
[03:21:59] client ready
