$ /home/ubuntu/strata/build/release/bench/strata_hnsw_filter_bench --data /home/ubuntu/strata/data/sift1m --snapshot /home/ubuntu/strata/data/sift1m/hnsw_filter_index.snap --clusters-cache /home/ubuntu/strata/data/sift1m/hnsw_filter_clusters.bin --kind random --phase graph --selectivities 0.001,0.005,0.01,0.013,0.015,0.02,0.025,0.03,0.05,0.1,0.5 --ef-search 10,20,40,80,160,320 --runs 3 --max-queries 500 --threshold 0.0 --build-threads 16
random s=0.001: 1029 matching (0.001029)
  prefilter ef=0 done
  graph ef=10 done
  graph ef=20 done
  graph ef=40 done
  graph ef=80 done
  graph ef=160 done
  graph ef=320 done
random s=0.005: 4929 matching (0.004929)
  prefilter ef=0 done
  graph ef=10 done
  graph ef=20 done
  graph ef=40 done
  graph ef=80 done
  graph ef=160 done
  graph ef=320 done
random s=0.01: 9925 matching (0.009925)
  prefilter ef=0 done
  graph ef=10 done
  graph ef=20 done
  graph ef=40 done
  graph ef=80 done
  graph ef=160 done
  graph ef=320 done
random s=0.013: 12968 matching (0.012968)
  prefilter ef=0 done
  graph ef=10 done
  graph ef=20 done
  graph ef=40 done
  graph ef=80 done
  graph ef=160 done
  graph ef=320 done
random s=0.015: 14992 matching (0.014992)
  prefilter ef=0 done
  graph ef=10 done
  graph ef=20 done
  graph ef=40 done
  graph ef=80 done
  graph ef=160 done
  graph ef=320 done
random s=0.02: 20004 matching (0.020004)
  prefilter ef=0 done
  graph ef=10 done
  graph ef=20 done
  graph ef=40 done
  graph ef=80 done
  graph ef=160 done
  graph ef=320 done
random s=0.025: 25005 matching (0.025005)
  prefilter ef=0 done
  graph ef=10 done
  graph ef=20 done
  graph ef=40 done
  graph ef=80 done
  graph ef=160 done
  graph ef=320 done
random s=0.03: 29929 matching (0.029929)
  prefilter ef=0 done
  graph ef=10 done
  graph ef=20 done
  graph ef=40 done
  graph ef=80 done
  graph ef=160 done
  graph ef=320 done
random s=0.05: 50056 matching (0.050056)
  prefilter ef=0 done
  graph ef=10 done
  graph ef=20 done
  graph ef=40 done
  graph ef=80 done
  graph ef=160 done
  graph ef=320 done
random s=0.1: 100170 matching (0.10017)
  prefilter ef=0 done
  graph ef=10 done
  graph ef=20 done
  graph ef=40 done
  graph ef=80 done
  graph ef=160 done
  graph ef=320 done
random s=0.5: 500134 matching (0.500134)
  prefilter ef=0 done
  graph ef=10 done
  graph ef=20 done
  graph ef=40 done
  graph ef=80 done
  graph ef=160 done
  graph ef=320 done
$ /home/ubuntu/strata/build/release/bench/strata_hnsw_filter_bench --data /home/ubuntu/strata/data/sift1m --snapshot /home/ubuntu/strata/data/sift1m/hnsw_filter_index.snap --clusters-cache /home/ubuntu/strata/data/sift1m/hnsw_filter_clusters.bin --kind correlated --phase graph --selectivities 0.001,0.005,0.01,0.013,0.015,0.02,0.025,0.03,0.05,0.1,0.5 --ef-search 10,20,40,80,160,320 --runs 3 --max-queries 500 --threshold 0.0 --build-threads 16
correlated s=0.001: 1762 matching (0.001762)
  prefilter ef=0 done
  graph ef=10 done
  graph ef=20 done
  graph ef=40 done
  graph ef=80 done
  graph ef=160 done
  graph ef=320 done
correlated s=0.005: 5268 matching (0.005268)
  prefilter ef=0 done
  graph ef=10 done
  graph ef=20 done
  graph ef=40 done
  graph ef=80 done
  graph ef=160 done
  graph ef=320 done
correlated s=0.01: 12125 matching (0.012125)
  prefilter ef=0 done
  graph ef=10 done
  graph ef=20 done
  graph ef=40 done
  graph ef=80 done
  graph ef=160 done
  graph ef=320 done
correlated s=0.013: 13558 matching (0.013558)
  prefilter ef=0 done
  graph ef=10 done
  graph ef=20 done
  graph ef=40 done
  graph ef=80 done
  graph ef=160 done
  graph ef=320 done
correlated s=0.015: 15560 matching (0.01556)
  prefilter ef=0 done
  graph ef=10 done
  graph ef=20 done
  graph ef=40 done
  graph ef=80 done
  graph ef=160 done
  graph ef=320 done
correlated s=0.02: 20815 matching (0.020815)
  prefilter ef=0 done
  graph ef=10 done
  graph ef=20 done
  graph ef=40 done
  graph ef=80 done
  graph ef=160 done
  graph ef=320 done
correlated s=0.025: 25479 matching (0.025479)
  prefilter ef=0 done
  graph ef=10 done
  graph ef=20 done
  graph ef=40 done
  graph ef=80 done
  graph ef=160 done
  graph ef=320 done
correlated s=0.03: 31012 matching (0.031012)
  prefilter ef=0 done
  graph ef=10 done
  graph ef=20 done
  graph ef=40 done
  graph ef=80 done
  graph ef=160 done
  graph ef=320 done
correlated s=0.05: 51165 matching (0.051165)
  prefilter ef=0 done
  graph ef=10 done
  graph ef=20 done
  graph ef=40 done
  graph ef=80 done
  graph ef=160 done
  graph ef=320 done
correlated s=0.1: 100148 matching (0.100148)
  prefilter ef=0 done
  graph ef=10 done
  graph ef=20 done
  graph ef=40 done
  graph ef=80 done
  graph ef=160 done
  graph ef=320 done
correlated s=0.5: 500445 matching (0.500445)
  prefilter ef=0 done
  graph ef=10 done
  graph ef=20 done
  graph ef=40 done
  graph ef=80 done
  graph ef=160 done
  graph ef=320 done
derived auto threshold: 1.4834%
$ /home/ubuntu/strata/build/release/bench/strata_hnsw_filter_bench --data /home/ubuntu/strata/data/sift1m --snapshot /home/ubuntu/strata/data/sift1m/hnsw_filter_index.snap --clusters-cache /home/ubuntu/strata/data/sift1m/hnsw_filter_clusters.bin --kind random --phase auto --selectivities 0.001,0.005,0.01,0.013,0.015,0.02,0.025,0.03,0.05,0.1,0.5 --ef-search 10,20,40,80,160,320 --runs 3 --max-queries 500 --threshold 0.014833571859709503 --build-threads 16
random s=0.001: 1029 matching (0.001029)
  auto ef=10 done
  auto ef=20 done
  auto ef=40 done
  auto ef=80 done
  auto ef=160 done
  auto ef=320 done
random s=0.005: 4929 matching (0.004929)
  auto ef=10 done
  auto ef=20 done
  auto ef=40 done
  auto ef=80 done
  auto ef=160 done
  auto ef=320 done
random s=0.01: 9925 matching (0.009925)
  auto ef=10 done
  auto ef=20 done
  auto ef=40 done
  auto ef=80 done
  auto ef=160 done
  auto ef=320 done
random s=0.013: 12968 matching (0.012968)
  auto ef=10 done
  auto ef=20 done
  auto ef=40 done
  auto ef=80 done
  auto ef=160 done
  auto ef=320 done
random s=0.015: 14992 matching (0.014992)
  auto ef=10 done
  auto ef=20 done
  auto ef=40 done
  auto ef=80 done
  auto ef=160 done
  auto ef=320 done
random s=0.02: 20004 matching (0.020004)
  auto ef=10 done
  auto ef=20 done
  auto ef=40 done
  auto ef=80 done
  auto ef=160 done
  auto ef=320 done
random s=0.025: 25005 matching (0.025005)
  auto ef=10 done
  auto ef=20 done
  auto ef=40 done
  auto ef=80 done
  auto ef=160 done
  auto ef=320 done
random s=0.03: 29929 matching (0.029929)
  auto ef=10 done
  auto ef=20 done
  auto ef=40 done
  auto ef=80 done
  auto ef=160 done
  auto ef=320 done
random s=0.05: 50056 matching (0.050056)
  auto ef=10 done
  auto ef=20 done
  auto ef=40 done
  auto ef=80 done
  auto ef=160 done
  auto ef=320 done
random s=0.1: 100170 matching (0.10017)
  auto ef=10 done
  auto ef=20 done
  auto ef=40 done
  auto ef=80 done
  auto ef=160 done
  auto ef=320 done
random s=0.5: 500134 matching (0.500134)
  auto ef=10 done
  auto ef=20 done
  auto ef=40 done
  auto ef=80 done
  auto ef=160 done
  auto ef=320 done
$ /home/ubuntu/strata/build/release/bench/strata_hnsw_filter_bench --data /home/ubuntu/strata/data/sift1m --snapshot /home/ubuntu/strata/data/sift1m/hnsw_filter_index.snap --clusters-cache /home/ubuntu/strata/data/sift1m/hnsw_filter_clusters.bin --kind correlated --phase auto --selectivities 0.001,0.005,0.01,0.013,0.015,0.02,0.025,0.03,0.05,0.1,0.5 --ef-search 10,20,40,80,160,320 --runs 3 --max-queries 500 --threshold 0.014833571859709503 --build-threads 16
correlated s=0.001: 1762 matching (0.001762)
  auto ef=10 done
  auto ef=20 done
  auto ef=40 done
  auto ef=80 done
  auto ef=160 done
  auto ef=320 done
correlated s=0.005: 5268 matching (0.005268)
  auto ef=10 done
  auto ef=20 done
  auto ef=40 done
  auto ef=80 done
  auto ef=160 done
  auto ef=320 done
correlated s=0.01: 12125 matching (0.012125)
  auto ef=10 done
  auto ef=20 done
  auto ef=40 done
  auto ef=80 done
  auto ef=160 done
  auto ef=320 done
correlated s=0.013: 13558 matching (0.013558)
  auto ef=10 done
  auto ef=20 done
  auto ef=40 done
  auto ef=80 done
  auto ef=160 done
  auto ef=320 done
correlated s=0.015: 15560 matching (0.01556)
  auto ef=10 done
  auto ef=20 done
  auto ef=40 done
  auto ef=80 done
  auto ef=160 done
  auto ef=320 done
correlated s=0.02: 20815 matching (0.020815)
  auto ef=10 done
  auto ef=20 done
  auto ef=40 done
  auto ef=80 done
  auto ef=160 done
  auto ef=320 done
correlated s=0.025: 25479 matching (0.025479)
  auto ef=10 done
  auto ef=20 done
  auto ef=40 done
  auto ef=80 done
  auto ef=160 done
  auto ef=320 done
correlated s=0.03: 31012 matching (0.031012)
  auto ef=10 done
  auto ef=20 done
  auto ef=40 done
  auto ef=80 done
  auto ef=160 done
  auto ef=320 done
correlated s=0.05: 51165 matching (0.051165)
  auto ef=10 done
  auto ef=20 done
  auto ef=40 done
  auto ef=80 done
  auto ef=160 done
  auto ef=320 done
correlated s=0.1: 100148 matching (0.100148)
  auto ef=10 done
  auto ef=20 done
  auto ef=40 done
  auto ef=80 done
  auto ef=160 done
  auto ef=320 done
correlated s=0.5: 500445 matching (0.500445)
  auto ef=10 done
  auto ef=20 done
  auto ef=40 done
  auto ef=80 done
  auto ef=160 done
  auto ef=320 done
wrote results/hnsw_filter/filter_sift1m.md
wrote results/plots/hnsw_filter_sift1m.png
$ /home/ubuntu/strata/build/release/bench/strata_hnsw_filter_bench --data /home/ubuntu/strata/data/bigann10m --snapshot /home/ubuntu/strata/data/bigann10m/hnsw_filter_index.snap --clusters-cache /home/ubuntu/strata/data/bigann10m/hnsw_filter_clusters.bin --kind random --phase graph --selectivities 0.001,0.005,0.01,0.013,0.015,0.02,0.025,0.03,0.05,0.1,0.5 --ef-search 10,20,40,80,160,320 --runs 3 --max-queries 200 --threshold 0.0 --build-threads 16
random s=0.001: 9988 matching (0.0009988)
  prefilter ef=0 done
  graph ef=10 done
  graph ef=20 done
  graph ef=40 done
  graph ef=80 done
  graph ef=160 done
  graph ef=320 done
random s=0.005: 50127 matching (0.0050127)
  prefilter ef=0 done
  graph ef=10 done
  graph ef=20 done
  graph ef=40 done
  graph ef=80 done
  graph ef=160 done
  graph ef=320 done
random s=0.01: 100494 matching (0.0100494)
  prefilter ef=0 done
  graph ef=10 done
  graph ef=20 done
  graph ef=40 done
  graph ef=80 done
  graph ef=160 done
  graph ef=320 done
random s=0.013: 130327 matching (0.0130327)
  prefilter ef=0 done
  graph ef=10 done
  graph ef=20 done
  graph ef=40 done
  graph ef=80 done
  graph ef=160 done
  graph ef=320 done
random s=0.015: 150530 matching (0.015053)
  prefilter ef=0 done
  graph ef=10 done
  graph ef=20 done
  graph ef=40 done
  graph ef=80 done
  graph ef=160 done
  graph ef=320 done
random s=0.02: 200775 matching (0.0200775)
  prefilter ef=0 done
  graph ef=10 done
  graph ef=20 done
  graph ef=40 done
  graph ef=80 done
  graph ef=160 done
  graph ef=320 done
random s=0.025: 250961 matching (0.0250961)
  prefilter ef=0 done
  graph ef=10 done
  graph ef=20 done
  graph ef=40 done
  graph ef=80 done
  graph ef=160 done
  graph ef=320 done
random s=0.03: 300841 matching (0.0300841)
  prefilter ef=0 done
  graph ef=10 done
  graph ef=20 done
  graph ef=40 done
  graph ef=80 done
  graph ef=160 done
  graph ef=320 done
random s=0.05: 500418 matching (0.0500418)
  prefilter ef=0 done
  graph ef=10 done
  graph ef=20 done
  graph ef=40 done
  graph ef=80 done
  graph ef=160 done
  graph ef=320 done
random s=0.1: 1000974 matching (0.100097)
  prefilter ef=0 done
  graph ef=10 done
  graph ef=20 done
  graph ef=40 done
  graph ef=80 done
  graph ef=160 done
  graph ef=320 done
random s=0.5: 5000586 matching (0.500059)
  prefilter ef=0 done
  graph ef=10 done
  graph ef=20 done
  graph ef=40 done
  graph ef=80 done
  graph ef=160 done
  graph ef=320 done
$ /home/ubuntu/strata/build/release/bench/strata_hnsw_filter_bench --data /home/ubuntu/strata/data/bigann10m --snapshot /home/ubuntu/strata/data/bigann10m/hnsw_filter_index.snap --clusters-cache /home/ubuntu/strata/data/bigann10m/hnsw_filter_clusters.bin --kind correlated --phase graph --selectivities 0.001,0.005,0.01,0.013,0.015,0.02,0.025,0.03,0.05,0.1,0.5 --ef-search 10,20,40,80,160,320 --runs 3 --max-queries 200 --threshold 0.0 --build-threads 16
correlated s=0.001: 13463 matching (0.0013463)
  prefilter ef=0 done
  graph ef=10 done
  graph ef=20 done
  graph ef=40 done
  graph ef=80 done
  graph ef=160 done
  graph ef=320 done
correlated s=0.005: 62106 matching (0.0062106)
  prefilter ef=0 done
  graph ef=10 done
  graph ef=20 done
  graph ef=40 done
  graph ef=80 done
  graph ef=160 done
  graph ef=320 done
correlated s=0.01: 102904 matching (0.0102904)
  prefilter ef=0 done
  graph ef=10 done
  graph ef=20 done
  graph ef=40 done
  graph ef=80 done
  graph ef=160 done
  graph ef=320 done
correlated s=0.013: 137852 matching (0.0137852)
  prefilter ef=0 done
  graph ef=10 done
  graph ef=20 done
  graph ef=40 done
  graph ef=80 done
  graph ef=160 done
  graph ef=320 done
correlated s=0.015: 151143 matching (0.0151143)
  prefilter ef=0 done
  graph ef=10 done
  graph ef=20 done
  graph ef=40 done
  graph ef=80 done
  graph ef=160 done
  graph ef=320 done
correlated s=0.02: 206380 matching (0.020638)
  prefilter ef=0 done
  graph ef=10 done
  graph ef=20 done
  graph ef=40 done
  graph ef=80 done
  graph ef=160 done
  graph ef=320 done
correlated s=0.025: 250563 matching (0.0250563)
  prefilter ef=0 done
  graph ef=10 done
  graph ef=20 done
  graph ef=40 done
  graph ef=80 done
  graph ef=160 done
  graph ef=320 done
correlated s=0.03: 305719 matching (0.0305719)
  prefilter ef=0 done
  graph ef=10 done
  graph ef=20 done
  graph ef=40 done
  graph ef=80 done
  graph ef=160 done
  graph ef=320 done
correlated s=0.05: 506873 matching (0.0506873)
  prefilter ef=0 done
  graph ef=10 done
  graph ef=20 done
  graph ef=40 done
  graph ef=80 done
  graph ef=160 done
  graph ef=320 done
correlated s=0.1: 1000021 matching (0.100002)
  prefilter ef=0 done
  graph ef=10 done
  graph ef=20 done
  graph ef=40 done
  graph ef=80 done
  graph ef=160 done
  graph ef=320 done
correlated s=0.5: 5002113 matching (0.500211)
  prefilter ef=0 done
  graph ef=10 done
  graph ef=20 done
  graph ef=40 done
  graph ef=80 done
  graph ef=160 done
  graph ef=320 done
derived auto threshold: 0.8912%
$ /home/ubuntu/strata/build/release/bench/strata_hnsw_filter_bench --data /home/ubuntu/strata/data/bigann10m --snapshot /home/ubuntu/strata/data/bigann10m/hnsw_filter_index.snap --clusters-cache /home/ubuntu/strata/data/bigann10m/hnsw_filter_clusters.bin --kind random --phase auto --selectivities 0.001,0.005,0.01,0.013,0.015,0.02,0.025,0.03,0.05,0.1,0.5 --ef-search 10,20,40,80,160,320 --runs 3 --max-queries 200 --threshold 0.008911682367315744 --build-threads 16
random s=0.001: 9988 matching (0.0009988)
  auto ef=10 done
  auto ef=20 done
  auto ef=40 done
  auto ef=80 done
  auto ef=160 done
  auto ef=320 done
random s=0.005: 50127 matching (0.0050127)
  auto ef=10 done
  auto ef=20 done
  auto ef=40 done
  auto ef=80 done
  auto ef=160 done
  auto ef=320 done
random s=0.01: 100494 matching (0.0100494)
  auto ef=10 done
  auto ef=20 done
  auto ef=40 done
  auto ef=80 done
  auto ef=160 done
  auto ef=320 done
random s=0.013: 130327 matching (0.0130327)
  auto ef=10 done
  auto ef=20 done
  auto ef=40 done
  auto ef=80 done
  auto ef=160 done
  auto ef=320 done
random s=0.015: 150530 matching (0.015053)
  auto ef=10 done
  auto ef=20 done
  auto ef=40 done
  auto ef=80 done
  auto ef=160 done
  auto ef=320 done
random s=0.02: 200775 matching (0.0200775)
  auto ef=10 done
  auto ef=20 done
  auto ef=40 done
  auto ef=80 done
  auto ef=160 done
  auto ef=320 done
random s=0.025: 250961 matching (0.0250961)
  auto ef=10 done
  auto ef=20 done
  auto ef=40 done
  auto ef=80 done
  auto ef=160 done
  auto ef=320 done
random s=0.03: 300841 matching (0.0300841)
  auto ef=10 done
  auto ef=20 done
  auto ef=40 done
  auto ef=80 done
  auto ef=160 done
  auto ef=320 done
random s=0.05: 500418 matching (0.0500418)
  auto ef=10 done
  auto ef=20 done
  auto ef=40 done
  auto ef=80 done
  auto ef=160 done
  auto ef=320 done
random s=0.1: 1000974 matching (0.100097)
  auto ef=10 done
  auto ef=20 done
  auto ef=40 done
  auto ef=80 done
  auto ef=160 done
  auto ef=320 done
random s=0.5: 5000586 matching (0.500059)
  auto ef=10 done
  auto ef=20 done
  auto ef=40 done
  auto ef=80 done
  auto ef=160 done
  auto ef=320 done
$ /home/ubuntu/strata/build/release/bench/strata_hnsw_filter_bench --data /home/ubuntu/strata/data/bigann10m --snapshot /home/ubuntu/strata/data/bigann10m/hnsw_filter_index.snap --clusters-cache /home/ubuntu/strata/data/bigann10m/hnsw_filter_clusters.bin --kind correlated --phase auto --selectivities 0.001,0.005,0.01,0.013,0.015,0.02,0.025,0.03,0.05,0.1,0.5 --ef-search 10,20,40,80,160,320 --runs 3 --max-queries 200 --threshold 0.008911682367315744 --build-threads 16
correlated s=0.001: 13463 matching (0.0013463)
  auto ef=10 done
  auto ef=20 done
  auto ef=40 done
  auto ef=80 done
  auto ef=160 done
  auto ef=320 done
correlated s=0.005: 62106 matching (0.0062106)
  auto ef=10 done
  auto ef=20 done
  auto ef=40 done
  auto ef=80 done
  auto ef=160 done
  auto ef=320 done
correlated s=0.01: 102904 matching (0.0102904)
  auto ef=10 done
  auto ef=20 done
  auto ef=40 done
  auto ef=80 done
  auto ef=160 done
  auto ef=320 done
correlated s=0.013: 137852 matching (0.0137852)
  auto ef=10 done
  auto ef=20 done
  auto ef=40 done
  auto ef=80 done
  auto ef=160 done
  auto ef=320 done
correlated s=0.015: 151143 matching (0.0151143)
  auto ef=10 done
  auto ef=20 done
  auto ef=40 done
  auto ef=80 done
  auto ef=160 done
  auto ef=320 done
correlated s=0.02: 206380 matching (0.020638)
  auto ef=10 done
  auto ef=20 done
  auto ef=40 done
  auto ef=80 done
  auto ef=160 done
  auto ef=320 done
correlated s=0.025: 250563 matching (0.0250563)
  auto ef=10 done
  auto ef=20 done
  auto ef=40 done
  auto ef=80 done
  auto ef=160 done
  auto ef=320 done
correlated s=0.03: 305719 matching (0.0305719)
  auto ef=10 done
  auto ef=20 done
  auto ef=40 done
  auto ef=80 done
  auto ef=160 done
  auto ef=320 done
correlated s=0.05: 506873 matching (0.0506873)
  auto ef=10 done
  auto ef=20 done
  auto ef=40 done
  auto ef=80 done
  auto ef=160 done
  auto ef=320 done
correlated s=0.1: 1000021 matching (0.100002)
  auto ef=10 done
  auto ef=20 done
  auto ef=40 done
  auto ef=80 done
  auto ef=160 done
  auto ef=320 done
correlated s=0.5: 5002113 matching (0.500211)
  auto ef=10 done
  auto ef=20 done
  auto ef=40 done
  auto ef=80 done
  auto ef=160 done
  auto ef=320 done
wrote results/hnsw_filter/filter_bigann10m.md
wrote results/plots/hnsw_filter_bigann10m.png
part filter done
